[dotenv@17.3.1] injecting env (2) from .env -- tip: 🛡️ auth for agents: https://vestauth.com

✅  VM AI Chatbox server → http://localhost:3000
🔒  API key loaded from .env
🛡️  Rate limit: 20 requests / 15 min per IP
🪖  Helmet security headers active

[dotenv@17.3.1] injecting env (2) from .env -- tip: 🛠️  run anywhere with `dotenvx run -- yourcommand`

✅  VM AI Chatbox server → http://localhost:3000
🔒  API key loaded from .env
🛡️  Rate limit: 20 requests / 15 min per IP
🪖  Helmet security headers active

[dotenv@17.3.1] injecting env (2) from .env -- tip: 🔐 prevent committing .env to code: https://dotenvx.com/precommit

✅  VM AI Chatbox server → http://localhost:3000
🔒  API key loaded from .env
🛡️  Rate limit: 20 requests / 15 min per IP
🪖  Helmet security headers active

[dotenv@17.3.1] injecting env (2) from .env -- tip: ⚙️  override existing env vars with { override: true }

✅  VM AI Chatbox server → http://localhost:3000
🔒  API key loaded from .env
🛡️  Rate limit: 20 requests / 15 min per IP
🪖  Helmet security headers active

[dotenv@17.3.1] injecting env (2) from .env -- tip: 🤖 agentic secret storage: https://dotenvx.com/as2

✅  VM AI Chatbox server → http://localhost:3000
🔒  API key loaded from .env
🛡️  Rate limit: 20 requests / 15 min per IP
🪖  Helmet security headers active

[dotenv@17.3.1] injecting env (2) from .env -- tip: ⚙️  write to custom object with { processEnv: myObject }

✅  VM AI Chatbox server → http://localhost:3000
🔒  API key loaded from .env
🛡️  Rate limit: 20 requests / 15 min per IP
🪖  Helmet security headers active

[dotenv@17.3.1] injecting env (2) from .env -- tip: ⚙️  override existing env vars with { override: true }

✅  VM AI Chatbox server → http://localhost:3000
🔒  API key loaded from .env
🛡️  Rate limit: 20 requests / 15 min per IP
🪖  Helmet security headers active

[dotenv@17.3.1] injecting env (2) from .env -- tip: ⚙️  override existing env vars with { override: true }

✅  VM AI Chatbox server → http://localhost:3000
🔒  API key loaded from .env
🛡️  Rate limit: 20 requests / 15 min per IP
🪖  Helmet security headers active

[dotenv@17.3.1] injecting env (2) from .env -- tip: ⚙️  write to custom object with { processEnv: myObject }

✅  VM AI Chatbox server → http://localhost:3000
🔒  API key loaded from .env
🛡️  Rate limit: 20 requests / 15 min per IP
🪖  Helmet security headers active

[dotenv@17.3.1] injecting env (2) from .env -- tip: 🛠️  run anywhere with `dotenvx run -- yourcommand`

✅  VM AI Chatbox server → http://localhost:3000
🔒  API key loaded from .env
🛡️  Rate limit: 20 requests / 15 min per IP
🪖  Helmet security headers active

[dotenv@17.3.1] injecting env (2) from .env -- tip: 🔐 prevent building .env in docker: https://dotenvx.com/prebuild

✅  VM AI Chatbox server → http://localhost:3000
🔒  API key loaded from .env
🛡️  Rate limit: 20 requests / 15 min per IP
🪖  Helmet security headers active

[dotenv@17.3.1] injecting env (2) from .env -- tip: ⚙️  override existing env vars with { override: true }

✅  VM AI Chatbox server → http://localhost:3000
🔒  API key loaded from .env
🛡️  Rate limit: 20 requests / 15 min per IP
🪖  Helmet security headers active

